// Jest Snapshot v1, https://goo.gl/fbAQLP

exports[`Header Header should match snapshot 1`] = `
ShallowWrapper {
  Symbol(enzyme.__root__): [Circular],
  Symbol(enzyme.__unrendered__): <Header />,
  Symbol(enzyme.__renderer__): Object {
    "batchedUpdates": [Function],
    "getNode": [Function],
    "render": [Function],
    "simulateError": [Function],
    "simulateEvent": [Function],
    "unmount": [Function],
  },
  Symbol(enzyme.__node__): Object {
    "instance": null,
    "key": undefined,
    "nodeType": "function",
    "props": Object {
      "children": Array [
        <ForwardRef>
          <ForwardRef
            onClick={[Function]}
          >
            Sign In
          </ForwardRef>
        </ForwardRef>,
        <nav>
          <ForwardRef>
            <ForwardRef
              to="/"
            >
              Home
            </ForwardRef>
          </ForwardRef>
          <ForwardRef>
            <ForwardRef
              to="/About"
            >
              About
            </ForwardRef>
          </ForwardRef>
          <ForwardRef>
            <ForwardRef
              to="/Browse"
            >
              Shop
            </ForwardRef>
          </ForwardRef>
        </nav>,
        false,
      ],
    },
    "ref": null,
    "rendered": Array [
      Object {
        "instance": null,
        "key": undefined,
        "nodeType": "function",
        "props": Object {
          "children": <ForwardRef
            onClick={[Function]}
          >
            Sign In
          </ForwardRef>,
        },
        "ref": null,
        "rendered": Object {
          "instance": null,
          "key": undefined,
          "nodeType": "function",
          "props": Object {
            "children": "Sign In",
            "onClick": [Function],
          },
          "ref": null,
          "rendered": "Sign In",
          "type": Object {
            "$$typeof": Symbol(react.forward_ref),
            "attrs": undefined,
            "componentStyle": ComponentStyle {
              "componentId": "sc-bxivhb",
              "isStatic": true,
              "rules": Array [
                "
  background: transparent;
  border-radius: 3px;
  border: 2px solid #AF7A6D;
  color: #AF7A6D;
  font-size: 1em;
  margin 0 1em;
  padding: 0.45em 1.25em;
  transition: all .75s ease-out;

  &:hover {
    background: #AF7A6D;
    color: #fff;
  }
",
              ],
            },
            "displayName": "styled.button",
            "render": [Function],
            "styledComponentId": "sc-bxivhb",
            "target": "button",
            "toString": [Function],
            "warnTooManyClasses": [Function],
            "withComponent": [Function],
          },
        },
        "type": Object {
          "$$typeof": Symbol(react.forward_ref),
          "attrs": undefined,
          "componentStyle": ComponentStyle {
            "componentId": "sc-bZQynM",
            "isStatic": true,
            "rules": Array [],
          },
          "displayName": "styled.div",
          "render": [Function],
          "styledComponentId": "sc-bZQynM",
          "target": "div",
          "toString": [Function],
          "warnTooManyClasses": [Function],
          "withComponent": [Function],
        },
      },
      Object {
        "instance": null,
        "key": undefined,
        "nodeType": "host",
        "props": Object {
          "children": Array [
            <ForwardRef>
              <ForwardRef
                to="/"
              >
                Home
              </ForwardRef>
            </ForwardRef>,
            <ForwardRef>
              <ForwardRef
                to="/About"
              >
                About
              </ForwardRef>
            </ForwardRef>,
            <ForwardRef>
              <ForwardRef
                to="/Browse"
              >
                Shop
              </ForwardRef>
            </ForwardRef>,
          ],
        },
        "ref": null,
        "rendered": Array [
          Object {
            "instance": null,
            "key": undefined,
            "nodeType": "function",
            "props": Object {
              "children": <ForwardRef
                to="/"
              >
                Home
              </ForwardRef>,
            },
            "ref": null,
            "rendered": Object {
              "instance": null,
              "key": undefined,
              "nodeType": "function",
              "props": Object {
                "children": "Home",
                "to": "/",
              },
              "ref": null,
              "rendered": "Home",
              "type": Object {
                "$$typeof": Symbol(react.forward_ref),
                "attrs": undefined,
                "componentStyle": ComponentStyle {
                  "componentId": "sc-ifAKCX",
                  "isStatic": true,
                  "rules": Array [
                    "
  color: #af7a6d;
  text-decoration: none;

  &:hover {
    color: #fff;
  }
",
                  ],
                },
                "displayName": "Styled(Link)",
                "render": [Function],
                "styledComponentId": "sc-ifAKCX",
                "target": [Function],
                "toString": [Function],
                "warnTooManyClasses": [Function],
                "withComponent": [Function],
                Symbol(Symbol.hasInstance): [Function],
              },
            },
            "type": Object {
              "$$typeof": Symbol(react.forward_ref),
              "attrs": undefined,
              "componentStyle": ComponentStyle {
                "componentId": "sc-bxivhb",
                "isStatic": true,
                "rules": Array [
                  "
  background: transparent;
  border-radius: 3px;
  border: 2px solid #AF7A6D;
  color: #AF7A6D;
  font-size: 1em;
  margin 0 1em;
  padding: 0.45em 1.25em;
  transition: all .75s ease-out;

  &:hover {
    background: #AF7A6D;
    color: #fff;
  }
",
                ],
              },
              "displayName": "styled.button",
              "render": [Function],
              "styledComponentId": "sc-bxivhb",
              "target": "button",
              "toString": [Function],
              "warnTooManyClasses": [Function],
              "withComponent": [Function],
            },
          },
          Object {
            "instance": null,
            "key": undefined,
            "nodeType": "function",
            "props": Object {
              "children": <ForwardRef
                to="/About"
              >
                About
              </ForwardRef>,
            },
            "ref": null,
            "rendered": Object {
              "instance": null,
              "key": undefined,
              "nodeType": "function",
              "props": Object {
                "children": "About",
                "to": "/About",
              },
              "ref": null,
              "rendered": "About",
              "type": Object {
                "$$typeof": Symbol(react.forward_ref),
                "attrs": undefined,
                "componentStyle": ComponentStyle {
                  "componentId": "sc-ifAKCX",
                  "isStatic": true,
                  "rules": Array [
                    "
  color: #af7a6d;
  text-decoration: none;

  &:hover {
    color: #fff;
  }
",
                  ],
                },
                "displayName": "Styled(Link)",
                "render": [Function],
                "styledComponentId": "sc-ifAKCX",
                "target": [Function],
                "toString": [Function],
                "warnTooManyClasses": [Function],
                "withComponent": [Function],
                Symbol(Symbol.hasInstance): [Function],
              },
            },
            "type": Object {
              "$$typeof": Symbol(react.forward_ref),
              "attrs": undefined,
              "componentStyle": ComponentStyle {
                "componentId": "sc-bxivhb",
                "isStatic": true,
                "rules": Array [
                  "
  background: transparent;
  border-radius: 3px;
  border: 2px solid #AF7A6D;
  color: #AF7A6D;
  font-size: 1em;
  margin 0 1em;
  padding: 0.45em 1.25em;
  transition: all .75s ease-out;

  &:hover {
    background: #AF7A6D;
    color: #fff;
  }
",
                ],
              },
              "displayName": "styled.button",
              "render": [Function],
              "styledComponentId": "sc-bxivhb",
              "target": "button",
              "toString": [Function],
              "warnTooManyClasses": [Function],
              "withComponent": [Function],
            },
          },
          Object {
            "instance": null,
            "key": undefined,
            "nodeType": "function",
            "props": Object {
              "children": <ForwardRef
                to="/Browse"
              >
                Shop
              </ForwardRef>,
            },
            "ref": null,
            "rendered": Object {
              "instance": null,
              "key": undefined,
              "nodeType": "function",
              "props": Object {
                "children": "Shop",
                "to": "/Browse",
              },
              "ref": null,
              "rendered": "Shop",
              "type": Object {
                "$$typeof": Symbol(react.forward_ref),
                "attrs": undefined,
                "componentStyle": ComponentStyle {
                  "componentId": "sc-ifAKCX",
                  "isStatic": true,
                  "rules": Array [
                    "
  color: #af7a6d;
  text-decoration: none;

  &:hover {
    color: #fff;
  }
",
                  ],
                },
                "displayName": "Styled(Link)",
                "render": [Function],
                "styledComponentId": "sc-ifAKCX",
                "target": [Function],
                "toString": [Function],
                "warnTooManyClasses": [Function],
                "withComponent": [Function],
                Symbol(Symbol.hasInstance): [Function],
              },
            },
            "type": Object {
              "$$typeof": Symbol(react.forward_ref),
              "attrs": undefined,
              "componentStyle": ComponentStyle {
                "componentId": "sc-bxivhb",
                "isStatic": true,
                "rules": Array [
                  "
  background: transparent;
  border-radius: 3px;
  border: 2px solid #AF7A6D;
  color: #AF7A6D;
  font-size: 1em;
  margin 0 1em;
  padding: 0.45em 1.25em;
  transition: all .75s ease-out;

  &:hover {
    background: #AF7A6D;
    color: #fff;
  }
",
                ],
              },
              "displayName": "styled.button",
              "render": [Function],
              "styledComponentId": "sc-bxivhb",
              "target": "button",
              "toString": [Function],
              "warnTooManyClasses": [Function],
              "withComponent": [Function],
            },
          },
        ],
        "type": "nav",
      },
      false,
    ],
    "type": Object {
      "$$typeof": Symbol(react.forward_ref),
      "attrs": undefined,
      "componentStyle": ComponentStyle {
        "componentId": "sc-EHOje",
        "isStatic": true,
        "rules": Array [
          "
  background: #e2d4ba;
  box-shadow: 0 3px 5px rgba(57, 63, 72, 0.8);
  display: flex;
  justify-content: space-between;
  padding: 1em 0.5em;
  position: relative;
  margin: 0 auto;
  z-index: 1;
",
        ],
      },
      "displayName": "styled.header",
      "render": [Function],
      "styledComponentId": "sc-EHOje",
      "target": "header",
      "toString": [Function],
      "warnTooManyClasses": [Function],
      "withComponent": [Function],
    },
  },
  Symbol(enzyme.__nodes__): Array [
    Object {
      "instance": null,
      "key": undefined,
      "nodeType": "function",
      "props": Object {
        "children": Array [
          <ForwardRef>
            <ForwardRef
              onClick={[Function]}
            >
              Sign In
            </ForwardRef>
          </ForwardRef>,
          <nav>
            <ForwardRef>
              <ForwardRef
                to="/"
              >
                Home
              </ForwardRef>
            </ForwardRef>
            <ForwardRef>
              <ForwardRef
                to="/About"
              >
                About
              </ForwardRef>
            </ForwardRef>
            <ForwardRef>
              <ForwardRef
                to="/Browse"
              >
                Shop
              </ForwardRef>
            </ForwardRef>
          </nav>,
          false,
        ],
      },
      "ref": null,
      "rendered": Array [
        Object {
          "instance": null,
          "key": undefined,
          "nodeType": "function",
          "props": Object {
            "children": <ForwardRef
              onClick={[Function]}
            >
              Sign In
            </ForwardRef>,
          },
          "ref": null,
          "rendered": Object {
            "instance": null,
            "key": undefined,
            "nodeType": "function",
            "props": Object {
              "children": "Sign In",
              "onClick": [Function],
            },
            "ref": null,
            "rendered": "Sign In",
            "type": Object {
              "$$typeof": Symbol(react.forward_ref),
              "attrs": undefined,
              "componentStyle": ComponentStyle {
                "componentId": "sc-bxivhb",
                "isStatic": true,
                "rules": Array [
                  "
  background: transparent;
  border-radius: 3px;
  border: 2px solid #AF7A6D;
  color: #AF7A6D;
  font-size: 1em;
  margin 0 1em;
  padding: 0.45em 1.25em;
  transition: all .75s ease-out;

  &:hover {
    background: #AF7A6D;
    color: #fff;
  }
",
                ],
              },
              "displayName": "styled.button",
              "render": [Function],
              "styledComponentId": "sc-bxivhb",
              "target": "button",
              "toString": [Function],
              "warnTooManyClasses": [Function],
              "withComponent": [Function],
            },
          },
          "type": Object {
            "$$typeof": Symbol(react.forward_ref),
            "attrs": undefined,
            "componentStyle": ComponentStyle {
              "componentId": "sc-bZQynM",
              "isStatic": true,
              "rules": Array [],
            },
            "displayName": "styled.div",
            "render": [Function],
            "styledComponentId": "sc-bZQynM",
            "target": "div",
            "toString": [Function],
            "warnTooManyClasses": [Function],
            "withComponent": [Function],
          },
        },
        Object {
          "instance": null,
          "key": undefined,
          "nodeType": "host",
          "props": Object {
            "children": Array [
              <ForwardRef>
                <ForwardRef
                  to="/"
                >
                  Home
                </ForwardRef>
              </ForwardRef>,
              <ForwardRef>
                <ForwardRef
                  to="/About"
                >
                  About
                </ForwardRef>
              </ForwardRef>,
              <ForwardRef>
                <ForwardRef
                  to="/Browse"
                >
                  Shop
                </ForwardRef>
              </ForwardRef>,
            ],
          },
          "ref": null,
          "rendered": Array [
            Object {
              "instance": null,
              "key": undefined,
              "nodeType": "function",
              "props": Object {
                "children": <ForwardRef
                  to="/"
                >
                  Home
                </ForwardRef>,
              },
              "ref": null,
              "rendered": Object {
                "instance": null,
                "key": undefined,
                "nodeType": "function",
                "props": Object {
                  "children": "Home",
                  "to": "/",
                },
                "ref": null,
                "rendered": "Home",
                "type": Object {
                  "$$typeof": Symbol(react.forward_ref),
                  "attrs": undefined,
                  "componentStyle": ComponentStyle {
                    "componentId": "sc-ifAKCX",
                    "isStatic": true,
                    "rules": Array [
                      "
  color: #af7a6d;
  text-decoration: none;

  &:hover {
    color: #fff;
  }
",
                    ],
                  },
                  "displayName": "Styled(Link)",
                  "render": [Function],
                  "styledComponentId": "sc-ifAKCX",
                  "target": [Function],
                  "toString": [Function],
                  "warnTooManyClasses": [Function],
                  "withComponent": [Function],
                  Symbol(Symbol.hasInstance): [Function],
                },
              },
              "type": Object {
                "$$typeof": Symbol(react.forward_ref),
                "attrs": undefined,
                "componentStyle": ComponentStyle {
                  "componentId": "sc-bxivhb",
                  "isStatic": true,
                  "rules": Array [
                    "
  background: transparent;
  border-radius: 3px;
  border: 2px solid #AF7A6D;
  color: #AF7A6D;
  font-size: 1em;
  margin 0 1em;
  padding: 0.45em 1.25em;
  transition: all .75s ease-out;

  &:hover {
    background: #AF7A6D;
    color: #fff;
  }
",
                  ],
                },
                "displayName": "styled.button",
                "render": [Function],
                "styledComponentId": "sc-bxivhb",
                "target": "button",
                "toString": [Function],
                "warnTooManyClasses": [Function],
                "withComponent": [Function],
              },
            },
            Object {
              "instance": null,
              "key": undefined,
              "nodeType": "function",
              "props": Object {
                "children": <ForwardRef
                  to="/About"
                >
                  About
                </ForwardRef>,
              },
              "ref": null,
              "rendered": Object {
                "instance": null,
                "key": undefined,
                "nodeType": "function",
                "props": Object {
                  "children": "About",
                  "to": "/About",
                },
                "ref": null,
                "rendered": "About",
                "type": Object {
                  "$$typeof": Symbol(react.forward_ref),
                  "attrs": undefined,
                  "componentStyle": ComponentStyle {
                    "componentId": "sc-ifAKCX",
                    "isStatic": true,
                    "rules": Array [
                      "
  color: #af7a6d;
  text-decoration: none;

  &:hover {
    color: #fff;
  }
",
                    ],
                  },
                  "displayName": "Styled(Link)",
                  "render": [Function],
                  "styledComponentId": "sc-ifAKCX",
                  "target": [Function],
                  "toString": [Function],
                  "warnTooManyClasses": [Function],
                  "withComponent": [Function],
                  Symbol(Symbol.hasInstance): [Function],
                },
              },
              "type": Object {
                "$$typeof": Symbol(react.forward_ref),
                "attrs": undefined,
                "componentStyle": ComponentStyle {
                  "componentId": "sc-bxivhb",
                  "isStatic": true,
                  "rules": Array [
                    "
  background: transparent;
  border-radius: 3px;
  border: 2px solid #AF7A6D;
  color: #AF7A6D;
  font-size: 1em;
  margin 0 1em;
  padding: 0.45em 1.25em;
  transition: all .75s ease-out;

  &:hover {
    background: #AF7A6D;
    color: #fff;
  }
",
                  ],
                },
                "displayName": "styled.button",
                "render": [Function],
                "styledComponentId": "sc-bxivhb",
                "target": "button",
                "toString": [Function],
                "warnTooManyClasses": [Function],
                "withComponent": [Function],
              },
            },
            Object {
              "instance": null,
              "key": undefined,
              "nodeType": "function",
              "props": Object {
                "children": <ForwardRef
                  to="/Browse"
                >
                  Shop
                </ForwardRef>,
              },
              "ref": null,
              "rendered": Object {
                "instance": null,
                "key": undefined,
                "nodeType": "function",
                "props": Object {
                  "children": "Shop",
                  "to": "/Browse",
                },
                "ref": null,
                "rendered": "Shop",
                "type": Object {
                  "$$typeof": Symbol(react.forward_ref),
                  "attrs": undefined,
                  "componentStyle": ComponentStyle {
                    "componentId": "sc-ifAKCX",
                    "isStatic": true,
                    "rules": Array [
                      "
  color: #af7a6d;
  text-decoration: none;

  &:hover {
    color: #fff;
  }
",
                    ],
                  },
                  "displayName": "Styled(Link)",
                  "render": [Function],
                  "styledComponentId": "sc-ifAKCX",
                  "target": [Function],
                  "toString": [Function],
                  "warnTooManyClasses": [Function],
                  "withComponent": [Function],
                  Symbol(Symbol.hasInstance): [Function],
                },
              },
              "type": Object {
                "$$typeof": Symbol(react.forward_ref),
                "attrs": undefined,
                "componentStyle": ComponentStyle {
                  "componentId": "sc-bxivhb",
                  "isStatic": true,
                  "rules": Array [
                    "
  background: transparent;
  border-radius: 3px;
  border: 2px solid #AF7A6D;
  color: #AF7A6D;
  font-size: 1em;
  margin 0 1em;
  padding: 0.45em 1.25em;
  transition: all .75s ease-out;

  &:hover {
    background: #AF7A6D;
    color: #fff;
  }
",
                  ],
                },
                "displayName": "styled.button",
                "render": [Function],
                "styledComponentId": "sc-bxivhb",
                "target": "button",
                "toString": [Function],
                "warnTooManyClasses": [Function],
                "withComponent": [Function],
              },
            },
          ],
          "type": "nav",
        },
        false,
      ],
      "type": Object {
        "$$typeof": Symbol(react.forward_ref),
        "attrs": undefined,
        "componentStyle": ComponentStyle {
          "componentId": "sc-EHOje",
          "isStatic": true,
          "rules": Array [
            "
  background: #e2d4ba;
  box-shadow: 0 3px 5px rgba(57, 63, 72, 0.8);
  display: flex;
  justify-content: space-between;
  padding: 1em 0.5em;
  position: relative;
  margin: 0 auto;
  z-index: 1;
",
          ],
        },
        "displayName": "styled.header",
        "render": [Function],
        "styledComponentId": "sc-EHOje",
        "target": "header",
        "toString": [Function],
        "warnTooManyClasses": [Function],
        "withComponent": [Function],
      },
    },
  ],
  Symbol(enzyme.__options__): Object {
    "adapter": ReactSixteenAdapter {
      "options": Object {
        "enableComponentDidUpdateOnSetState": true,
        "lifecycles": Object {
          "componentDidUpdate": Object {
            "onSetState": true,
          },
          "getDerivedStateFromProps": true,
          "getSnapshotBeforeUpdate": true,
          "setState": Object {
            "skipsComponentDidUpdateOnNullish": true,
          },
        },
      },
    },
  },
}
`;
