// Jest Snapshot v1, https://goo.gl/fbAQLP

exports[`Hero Hero should match snapshot 1`] = `
ShallowWrapper {
  Symbol(enzyme.__root__): [Circular],
  Symbol(enzyme.__unrendered__): <Hero />,
  Symbol(enzyme.__renderer__): Object {
    "batchedUpdates": [Function],
    "getNode": [Function],
    "render": [Function],
    "simulateError": [Function],
    "simulateEvent": [Function],
    "unmount": [Function],
  },
  Symbol(enzyme.__node__): Object {
    "instance": null,
    "key": undefined,
    "nodeType": "function",
    "props": Object {},
    "ref": null,
    "rendered": null,
    "type": Object {
      "$$typeof": Symbol(react.forward_ref),
      "attrs": undefined,
      "componentStyle": ComponentStyle {
        "componentId": "sc-bdVaJa",
        "isStatic": true,
        "rules": Array [
          "
  background: url('https://images.unsplash.com/photo-1521714161819-15534968fc5f?ixlib=rb-0.3.5&ixid=eyJhcHBfaWQiOjEyMDd9&s=4ed09f54e45802124a212b6163dec174&auto=format&fit=crop&w=3300&q=80')
    no-repeat center center fixed;
  background-size: cover;
  height: 300px;
",
        ],
      },
      "displayName": "styled.section",
      "render": [Function],
      "styledComponentId": "sc-bdVaJa",
      "target": "section",
      "toString": [Function],
      "warnTooManyClasses": [Function],
      "withComponent": [Function],
    },
  },
  Symbol(enzyme.__nodes__): Array [
    Object {
      "instance": null,
      "key": undefined,
      "nodeType": "function",
      "props": Object {},
      "ref": null,
      "rendered": null,
      "type": Object {
        "$$typeof": Symbol(react.forward_ref),
        "attrs": undefined,
        "componentStyle": ComponentStyle {
          "componentId": "sc-bdVaJa",
          "isStatic": true,
          "rules": Array [
            "
  background: url('https://images.unsplash.com/photo-1521714161819-15534968fc5f?ixlib=rb-0.3.5&ixid=eyJhcHBfaWQiOjEyMDd9&s=4ed09f54e45802124a212b6163dec174&auto=format&fit=crop&w=3300&q=80')
    no-repeat center center fixed;
  background-size: cover;
  height: 300px;
",
          ],
        },
        "displayName": "styled.section",
        "render": [Function],
        "styledComponentId": "sc-bdVaJa",
        "target": "section",
        "toString": [Function],
        "warnTooManyClasses": [Function],
        "withComponent": [Function],
      },
    },
  ],
  Symbol(enzyme.__options__): Object {
    "adapter": ReactSixteenAdapter {
      "options": Object {
        "enableComponentDidUpdateOnSetState": true,
        "lifecycles": Object {
          "componentDidUpdate": Object {
            "onSetState": true,
          },
          "getDerivedStateFromProps": true,
          "getSnapshotBeforeUpdate": true,
          "setState": Object {
            "skipsComponentDidUpdateOnNullish": true,
          },
        },
      },
    },
  },
}
`;
